[    0.000000] Initializing cgroup subsys cpuset
[    0.000000] Initializing cgroup subsys cpu
[    0.000000] Initializing cgroup subsys cpuacct
[    0.000000] Linux version 4.4.0-93-generic (buildd@lgw01-03) (gcc version 5.4.0 20160609 (Ubuntu 5.4.0-6ubuntu1~16.04.4) ) #116-Ubuntu SMP Fri Aug 11 21:17:51 UTC 2017 (Ubuntu 4.4.0-93.116-generic 4.4.79)
[    0.000000] Command line: BOOT_IMAGE=/boot/vmlinuz-4.4.0-93-generic root=UUID=ce24233e-85c4-4f5b-a084-25bb2493ad65 ro console=tty1 console=ttyS0
[    0.000000] KERNEL supported cpus:
[    0.000000]   Intel GenuineIntel
[    0.000000]   AMD AuthenticAMD
[    0.000000]   Centaur CentaurHauls
[    0.000000] x86/fpu: xstate_offset[2]:  576, xstate_sizes[2]:  256
[    0.000000] x86/fpu: Supporting XSAVE feature 0x01: 'x87 floating point registers'
[    0.000000] x86/fpu: Supporting XSAVE feature 0x02: 'SSE registers'
[    0.000000] x86/fpu: Supporting XSAVE feature 0x04: 'AVX registers'
[    0.000000] x86/fpu: Enabled xstate features 0x7, context size is 832 bytes, using 'standard' format.
[    0.000000] x86/fpu: Using 'lazy' FPU context switches.
[    0.000000] e820: BIOS-provided physical RAM map:
[    0.000000] BIOS-e820: [mem 0x0000000000000000-0x000000000009fbff] usable
[    0.000000] BIOS-e820: [mem 0x000000000009fc00-0x000000000009ffff] reserved
[    0.000000] BIOS-e820: [mem 0x00000000000f0000-0x00000000000fffff] reserved
[    0.000000] BIOS-e820: [mem 0x0000000000100000-0x000000007ffeffff] usable
[    0.000000] BIOS-e820: [mem 0x000000007fff0000-0x000000007fffffff] ACPI data
[    0.000000] BIOS-e820: [mem 0x00000000fffc0000-0x00000000ffffffff] reserved
[    0.000000] NX (Execute Disable) protection: active
[    0.000000] SMBIOS 2.5 present.
[    0.000000] Hypervisor detected: KVM
[    0.000000] e820: last_pfn = 0x7fff0 max_arch_pfn = 0x400000000
[    0.000000] MTRR: Disabled
[    0.000000] x86/PAT: MTRRs disabled, skipping PAT initialization too.
[    0.000000] CPU MTRRs all blank - virtualized system.
[    0.000000] x86/PAT: Configuration [0-7]: WB  WT  UC- UC  WB  WT  UC- UC  
[    0.000000] found SMP MP-table at [mem 0x0009fff0-0x0009ffff] mapped at [ffff88000009fff0]
[    0.000000] Scanning 1 areas for low memory corruption
[    0.000000] RAMDISK: [mem 0x34c46000-0x3661afff]
[    0.000000] ACPI: Early table checksum verification disabled
[    0.000000] ACPI: RSDP 0x00000000000E0000 000024 (v02 VBOX  )
[    0.000000] ACPI: XSDT 0x000000007FFF0030 00003C (v01 VBOX   VBOXXSDT 00000001 ASL  00000061)
[    0.000000] ACPI: FACP 0x000000007FFF00F0 0000F4 (v04 VBOX   VBOXFACP 00000001 ASL  00000061)
[    0.000000] ACPI: DSDT 0x000000007FFF0470 002118 (v01 VBOX   VBOXBIOS 00000002 INTL 20100528)
[    0.000000] ACPI: FACS 0x000000007FFF0200 000040
[    0.000000] ACPI: FACS 0x000000007FFF0200 000040
[    0.000000] ACPI: APIC 0x000000007FFF0240 00005C (v02 VBOX   VBOXAPIC 00000001 ASL  00000061)
[    0.000000] ACPI: SSDT 0x000000007FFF02A0 0001CC (v01 VBOX   VBOXCPUT 00000002 INTL 20100528)
[    0.000000] No NUMA configuration found
[    0.000000] Faking a node at [mem 0x0000000000000000-0x000000007ffeffff]
[    0.000000] NODE_DATA(0) allocated [mem 0x7ffeb000-0x7ffeffff]
[    0.000000] kvm-clock: Using msrs 4b564d01 and 4b564d00
[    0.000000] kvm-clock: cpu 0, msr 0:7ffe3001, primary cpu clock
[    0.000000] kvm-clock: using sched offset of 3785962955 cycles
[    0.000000] clocksource: kvm-clock: mask: 0xffffffffffffffff max_cycles: 0x1cd42e4dffb, max_idle_ns: 881590591483 ns
[    0.000000] Zone ranges:
[    0.000000]   DMA      [mem 0x0000000000001000-0x0000000000ffffff]
[    0.000000]   DMA32    [mem 0x0000000001000000-0x000000007ffeffff]
[    0.000000]   Normal   empty
[    0.000000]   Device   empty
[    0.000000] Movable zone start for each node
[    0.000000] Early memory node ranges
[    0.000000]   node   0: [mem 0x0000000000001000-0x000000000009efff]
[    0.000000]   node   0: [mem 0x0000000000100000-0x000000007ffeffff]
[    0.000000] Initmem setup node 0 [mem 0x0000000000001000-0x000000007ffeffff]
[    0.000000] ACPI: PM-Timer IO Port: 0x4008
[    0.000000] IOAPIC[0]: apic_id 2, version 17, address 0xfec00000, GSI 0-23
[    0.000000] ACPI: INT_SRC_OVR (bus 0 bus_irq 0 global_irq 2 dfl dfl)
[    0.000000] ACPI: INT_SRC_OVR (bus 0 bus_irq 9 global_irq 9 high level)
[    0.000000] Using ACPI (MADT) for SMP configuration information
[    0.000000] smpboot: Allowing 2 CPUs, 0 hotplug CPUs
[    0.000000] PM: Registered nosave memory: [mem 0x00000000-0x00000fff]
[    0.000000] PM: Registered nosave memory: [mem 0x0009f000-0x0009ffff]
[    0.000000] PM: Registered nosave memory: [mem 0x000a0000-0x000effff]
[    0.000000] PM: Registered nosave memory: [mem 0x000f0000-0x000fffff]
[    0.000000] e820: [mem 0x80000000-0xfffbffff] available for PCI devices
[    0.000000] Booting paravirtualized kernel on KVM
[    0.000000] clocksource: refined-jiffies: mask: 0xffffffff max_cycles: 0xffffffff, max_idle_ns: 7645519600211568 ns
[    0.000000] setup_percpu: NR_CPUS:512 nr_cpumask_bits:512 nr_cpu_ids:2 nr_node_ids:1
[    0.000000] PERCPU: Embedded 34 pages/cpu @ffff88007fc00000 s98328 r8192 d32744 u1048576
[    0.000000] PV qspinlock hash table entries: 256 (order: 0, 4096 bytes)
[    0.000000] Built 1 zonelists in Node order, mobility grouping on.  Total pages: 515961
[    0.000000] Policy zone: DMA32
[    0.000000] Kernel command line: BOOT_IMAGE=/boot/vmlinuz-4.4.0-93-generic root=UUID=ce24233e-85c4-4f5b-a084-25bb2493ad65 ro console=tty1 console=ttyS0
[    0.000000] PID hash table entries: 4096 (order: 3, 32768 bytes)
[    0.000000] Memory: 2018304K/2096696K available (8479K kernel code, 1294K rwdata, 3984K rodata, 1492K init, 1316K bss, 78392K reserved, 0K cma-reserved)
[    0.000000] SLUB: HWalign=64, Order=0-3, MinObjects=0, CPUs=2, Nodes=1
[    0.000000] Hierarchical RCU implementation.
[    0.000000] 	Build-time adjustment of leaf fanout to 64.
[    0.000000] 	RCU restricting CPUs from NR_CPUS=512 to nr_cpu_ids=2.
[    0.000000] RCU: Adjusting geometry for rcu_fanout_leaf=64, nr_cpu_ids=2
[    0.000000] NR_IRQS:33024 nr_irqs:440 16
[    0.000000] Console: colour VGA+ 80x25
[    0.000000] console [tty1] enabled
[    0.000000] console [ttyS0] enabled
[    0.000000] tsc: Detected 2700.000 MHz processor
[    2.621488] Calibrating delay loop (skipped) preset value.. 5400.00 BogoMIPS (lpj=10800000)
[    2.629016] pid_max: default: 32768 minimum: 301
[    2.630123] ACPI: Core revision 20150930
[    2.632496] ACPI: 2 ACPI AML tables successfully acquired and loaded
[    2.636981] Security Framework initialized
[    2.641816] Yama: becoming mindful.
[    2.649447] AppArmor: AppArmor initialized
[    2.652478] Dentry cache hash table entries: 262144 (order: 9, 2097152 bytes)
[    2.657576] Inode-cache hash table entries: 131072 (order: 8, 1048576 bytes)
[    2.664256] Mount-cache hash table entries: 4096 (order: 3, 32768 bytes)
[    2.675398] Mountpoint-cache hash table entries: 4096 (order: 3, 32768 bytes)
[    2.688696] Initializing cgroup subsys io
[    2.699907] Initializing cgroup subsys memory
[    2.701063] Initializing cgroup subsys devices
[    2.713688] Initializing cgroup subsys freezer
[    2.714762] Initializing cgroup subsys net_cls
[    2.767029] Initializing cgroup subsys perf_event
[    2.780403] Initializing cgroup subsys net_prio
[    2.782815] Initializing cgroup subsys hugetlb
[    2.783945] Initializing cgroup subsys pids
[    2.785183] CPU: Physical Processor ID: 0
[    2.804672] CPU: Processor Core ID: 0
[    2.815801] mce: CPU supports 0 MCE banks
[    2.838013] Last level iTLB entries: 4KB 64, 2MB 8, 4MB 8
[    2.847069] Last level dTLB entries: 4KB 64, 2MB 0, 4MB 0, 1GB 4
[    2.852778] Freeing SMP alternatives memory: 32K (ffffffff820ba000 - ffffffff820c2000)
[    2.870205] ftrace: allocating 32136 entries in 126 pages
[    2.936762] smpboot: APIC(0) Converting physical 0 to logical package 0
[    2.985318] smpboot: Max logical packages: 1
[    2.998097] ..TIMER: vector=0x30 apic1=0 pin1=2 apic2=-1 pin2=-1
[    3.106955] smpboot: CPU0: Intel(R) Core(TM) i5-5257U CPU @ 2.70GHz (family: 0x6, model: 0x3d, stepping: 0x4)
[    3.219317] Performance Events: unsupported p6 CPU model 61 no PMU driver, software events only.
[    3.287361] KVM setup paravirtual spinlock
[    3.330338] x86: Booting SMP configuration:
[    3.348222] .... node  #0, CPUs:      #1
[    3.360607] kvm-clock: cpu 1, msr 0:7ffe3041, secondary cpu clock
[    3.405339] mce: CPU supports 0 MCE banks
[    3.422443] x86: Booted up 1 node, 2 CPUs
[    3.438293] smpboot: Total of 2 processors activated (10800.00 BogoMIPS)
[    3.467068] devtmpfs: initialized
[    3.482453] evm: security.selinux
[    3.483645] evm: security.SMACK64
[    3.484603] evm: security.SMACK64EXEC
[    3.485607] evm: security.SMACK64TRANSMUTE
[    3.489059] evm: security.SMACK64MMAP
[    3.491672] evm: security.ima
[    3.497990] evm: security.capability
[    3.499595] clocksource: jiffies: mask: 0xffffffff max_cycles: 0xffffffff, max_idle_ns: 7645041785100000 ns
[    3.513055] futex hash table entries: 512 (order: 3, 32768 bytes)
[    3.533372] pinctrl core: initialized pinctrl subsystem
[    3.547648] RTC time:  0:48:14, date: 12/13/17
[    3.551341] NET: Registered protocol family 16
[    3.583225] cpuidle: using governor ladder
[    3.631517] cpuidle: using governor menu
[    3.638825] PCCT header not found.
[    3.643128] ACPI: bus type PCI registered
[    3.646608] acpiphp: ACPI Hot Plug PCI Controller Driver version: 0.5
[    3.649913] PCI: Using configuration type 1 for base access
[    3.672922] ACPI: Added _OSI(Module Device)
[    3.707917] ACPI: Added _OSI(Processor Device)
[    3.716024] ACPI: Added _OSI(3.0 _SCP Extensions)
[    3.720886] ACPI: Added _OSI(Processor Aggregator Device)
[    3.723786] ACPI: Executed 1 blocks of module-level executable AML code
[    3.738233] ACPI: Interpreter enabled
[    3.740848] ACPI: (supports S0 S5)
[    3.753985] ACPI: Using IOAPIC for interrupt routing
[    3.759387] PCI: Using host bridge windows from ACPI; if necessary, use "pci=nocrs" and report a bug
[    3.768351] ACPI: PCI Root Bridge [PCI0] (domain 0000 [bus 00-ff])
[    3.779881] acpi PNP0A03:00: _OSC: OS supports [ASPM ClockPM Segments MSI]
[    3.781798] acpi PNP0A03:00: _OSC failed (AE_NOT_FOUND); disabling ASPM
[    3.797238] acpi PNP0A03:00: fail to add MMCONFIG information, can't access extended PCI configuration space under this bridge.
[    3.800405] PCI host bridge to bus 0000:00
[    3.802285] pci_bus 0000:00: root bus resource [io  0x0000-0x0cf7 window]
[    3.805176] pci_bus 0000:00: root bus resource [io  0x0d00-0xffff window]
[    3.816091] pci_bus 0000:00: root bus resource [mem 0x000a0000-0x000bffff window]
[    3.818007] pci_bus 0000:00: root bus resource [mem 0x80000000-0xffdfffff window]
[    3.820089] pci_bus 0000:00: root bus resource [bus 00-ff]
[    3.824406] pci 0000:00:01.1: legacy IDE quirk: reg 0x10: [io  0x01f0-0x01f7]
[    3.840258] pci 0000:00:01.1: legacy IDE quirk: reg 0x14: [io  0x03f6]
[    3.847578] pci 0000:00:01.1: legacy IDE quirk: reg 0x18: [io  0x0170-0x0177]
[    3.850607] pci 0000:00:01.1: legacy IDE quirk: reg 0x1c: [io  0x0376]
[    3.913709] ACPI: PCI Interrupt Link [LNKA] (IRQs 5 9 10 *11)
[    3.958731] ACPI: PCI Interrupt Link [LNKB] (IRQs 5 9 10 *11)
[    3.999399] ACPI: PCI Interrupt Link [LNKC] (IRQs 5 9 *10 11)
[    4.016834] ACPI: PCI Interrupt Link [LNKD] (IRQs 5 *9 10 11)
[    4.047899] ACPI: Enabled 2 GPEs in block 00 to 07
[    4.053447] vgaarb: setting as boot device: PCI:0000:00:02.0
[    4.080739] vgaarb: device added: PCI:0000:00:02.0,decodes=io+mem,owns=io+mem,locks=none
[    4.114645] vgaarb: loaded
[    4.129042] vgaarb: bridge control possible 0000:00:02.0
[    4.130628] SCSI subsystem initialized
[    4.134556] ACPI: bus type USB registered
[    4.157279] usbcore: registered new interface driver usbfs
[    4.166133] usbcore: registered new interface driver hub
[    4.223098] usbcore: registered new device driver usb
[    4.225963] PCI: Using ACPI for IRQ routing
[    4.243527] NetLabel: Initializing
[    4.251314] NetLabel:  domain hash size = 128
[    4.264845] NetLabel:  protocols = UNLABELED CIPSOv4
[    4.266520] NetLabel:  unlabeled traffic allowed by default
[    4.269823] amd_nb: Cannot enumerate AMD northbridges
[    4.271177] clocksource: Switched to clocksource kvm-clock
[    4.298898] AppArmor: AppArmor Filesystem Enabled
[    4.324013] pnp: PnP ACPI init
[    4.345812] pnp: PnP ACPI: found 3 devices
[    4.377915] clocksource: acpi_pm: mask: 0xffffff max_cycles: 0xffffff, max_idle_ns: 2085701024 ns
[    4.442742] NET: Registered protocol family 2
[    4.443990] TCP established hash table entries: 16384 (order: 5, 131072 bytes)
[    4.475388] TCP bind hash table entries: 16384 (order: 6, 262144 bytes)
[    4.497332] TCP: Hash tables configured (established 16384 bind 16384)
[    4.525625] UDP hash table entries: 1024 (order: 3, 32768 bytes)
[    4.534716] UDP-Lite hash table entries: 1024 (order: 3, 32768 bytes)
[    4.555024] NET: Registered protocol family 1
[    4.581785] pci 0000:00:00.0: Limiting direct PCI/PCI transfers
[    4.613546] pci 0000:00:01.0: Activating ISA DMA hang workarounds
[    4.624944] Unpacking initramfs...
[    5.119630] Freeing initrd memory: 26452K (ffff880034c46000 - ffff88003661b000)
[    5.235693] RAPL PMU detected, API unit is 2^-32 Joules, 4 fixed counters 10737418240 ms ovfl timer
[    5.259781] hw unit of domain pp0-core 2^-0 Joules
[    5.273582] hw unit of domain package 2^-0 Joules
[    5.298996] hw unit of domain dram 2^-0 Joules
[    5.323593] hw unit of domain pp1-gpu 2^-0 Joules
[    5.346425] platform rtc_cmos: registered platform RTC device (no PNP device found)
[    5.349747] Scanning for low memory corruption every 60 seconds
[    5.359155] audit: initializing netlink subsys (disabled)
[    5.372531] audit: type=2000 audit(1513126097.829:1): initialized
[    5.378812] Initialise system trusted keyring
[    5.381597] HugeTLB registered 2 MB page size, pre-allocated 0 pages
[    5.397751] zbud: loaded
[    5.428576] VFS: Disk quotas dquot_6.6.0
[    5.471001] VFS: Dquot-cache hash table entries: 512 (order 0, 4096 bytes)
[    5.489352] squashfs: version 4.0 (2009/01/31) Phillip Lougher
[    5.515224] fuse init (API version 7.23)
[    5.523573] Key type big_key registered
[    5.527737] Allocating IMA MOK and blacklist keyrings.
[    5.547365] Key type asymmetric registered
[    5.564321] Asymmetric key parser 'x509' registered
[    5.570886] Block layer SCSI generic (bsg) driver version 0.4 loaded (major 249)
[    5.626234] io scheduler noop registered
[    5.641982] io scheduler deadline registered (default)
[    5.671082] io scheduler cfq registered
[    5.723477] pci_hotplug: PCI Hot Plug PCI Core version: 0.5
[    5.747697] pciehp: PCI Express Hot Plug Controller Driver version: 0.4
[    5.765797] ACPI: AC Adapter [AC] (on-line)
[    5.770093] input: Power Button as /devices/LNXSYSTM:00/LNXPWRBN:00/input/input0
[    5.778895] ACPI: Power Button [PWRF]
[    5.783049] input: Sleep Button as /devices/LNXSYSTM:00/LNXSLPBN:00/input/input1
[    5.797356] ACPI: Sleep Button [SLPF]
[    5.810641] ACPI: Battery Slot [BAT0] (battery present)
[    5.815435] GHES: HEST is not enabled!
[    5.830464] Serial: 8250/16550 driver, 32 ports, IRQ sharing enabled
[    5.859416] 00:02: ttyS0 at I/O 0x3f8 (irq = 4, base_baud = 115200) is a 16550A
[    5.868327] Linux agpgart interface v0.103
[    5.892931] loop: module loaded
[    5.896934] scsi host0: ata_piix
[    5.899520] scsi host1: ata_piix
[    5.900512] ata1: PATA max UDMA/33 cmd 0x1f0 ctl 0x3f6 bmdma 0xd000 irq 14
[    5.913754] ata2: PATA max UDMA/33 cmd 0x170 ctl 0x376 bmdma 0xd008 irq 15
[    5.919816] libphy: Fixed MDIO Bus: probed
[    5.920867] tun: Universal TUN/TAP device driver, 1.6
[    5.934361] tun: (C) 1999-2004 Max Krasnyansky <maxk@qualcomm.com>
[    5.937206] PPP generic driver version 2.4.2
[    5.962274] ehci_hcd: USB 2.0 'Enhanced' Host Controller (EHCI) Driver
[    5.965562] ehci-pci: EHCI PCI platform driver
[    5.966783] ehci-platform: EHCI generic platform driver
[    5.974059] ohci_hcd: USB 1.1 'Open' Host Controller (OHCI) Driver
[    5.983584] ohci-pci: OHCI PCI platform driver
[    5.986937] ohci-platform: OHCI generic platform driver
[    5.995148] uhci_hcd: USB Universal Host Controller Interface driver
[    6.001579] i8042: PNP: PS/2 Controller [PNP0303:PS2K,PNP0f03:PS2M] at 0x60,0x64 irq 1,12
[    6.010926] serio: i8042 KBD port at 0x60,0x64 irq 1
[    6.013389] serio: i8042 AUX port at 0x60,0x64 irq 12
[    6.018984] mousedev: PS/2 mouse device common for all mice
[    6.036600] input: AT Translated Set 2 keyboard as /devices/platform/i8042/serio0/input/input2
[    6.050955] rtc_cmos rtc_cmos: rtc core: registered rtc_cmos as rtc0
[    6.066578] rtc_cmos rtc_cmos: alarms up to one day, 114 bytes nvram
[    6.069249] i2c /dev entries driver
[    6.070368] device-mapper: uevent: version 1.0.3
[    6.072887] device-mapper: ioctl: 4.34.0-ioctl (2015-10-28) initialised: dm-devel@redhat.com
[    6.086578] ledtrig-cpu: registered to indicate activity on CPUs
[    6.093231] NET: Registered protocol family 10
[    6.102574] NET: Registered protocol family 17
[    6.112580] Key type dns_resolver registered
[    6.113986] microcode: CPU0 sig=0x306d4, pf=0x40, revision=0x0
[    6.225301] microcode: CPU1 sig=0x306d4, pf=0x40, revision=0x0
[    6.242001] microcode: Microcode Update Driver: v2.01 <tigran@aivazian.fsnet.co.uk>, Peter Oruba
[    6.245305] registered taskstats version 1
[    6.250913] Loading compiled-in X.509 certificates
[    6.283215] Loaded X.509 cert 'Build time autogenerated kernel key: a6f98c496ad22cf23b77f8fe21ff88c41791cbd4'
[    6.301446] zswap: loaded using pool lzo/zbud
[    6.308240] Key type trusted registered
[    6.316355] Key type encrypted registered
[    6.330177] AppArmor: AppArmor sha1 policy hashing enabled
[    6.354763] tsc: Refined TSC clocksource calibration: 2700.734 MHz
[    6.376692] clocksource: tsc: mask: 0xffffffffffffffff max_cycles: 0x26edf3cadca, max_idle_ns: 440795266770 ns
[    6.376754] ima: No TPM chip found, activating TPM-bypass!
[    6.376787] evm: HMAC attrs: 0x1
[    6.377127]   Magic number: 13:796:809
[    6.385779] rtc_cmos rtc_cmos: setting system clock to 2017-12-13 00:48:17 UTC (1513126097)
[    6.385891] BIOS EDD facility v0.16 2004-Jun-25, 0 devices found
[    6.385892] EDD information not available.
[    6.449444] Freeing unused kernel memory: 1492K (ffffffff81f45000 - ffffffff820ba000)
[    6.451486] Write protecting the kernel read-only data: 14336k
[    6.455279] Freeing unused kernel memory: 1748K (ffff88000184b000 - ffff880001a00000)
[    6.459660] Freeing unused kernel memory: 112K (ffff880001de4000 - ffff880001e00000)
Loading, please wait...
starting version[    6.505683] random: systemd-udevd: uninitialized urandom read (16 bytes read, 3 bits of entropy available)
 229
[    6.506780] random: udevadm: uninitialized urandom read (16 bytes read, 3 bits of entropy available)
[    6.506869] random: udevadm: uninitialized urandom read (16 bytes read, 3 bits of entropy available)
[    6.507134] random: udevadm: uninitialized urandom read (16 bytes read, 3 bits of entropy available)
[    6.507268] random: udevadm: uninitialized urandom read (16 bytes read, 3 bits of entropy available)
[    6.508204] random: udevadm: uninitialized urandom read (16 bytes read, 3 bits of entropy available)
[    6.508741] random: udevadm: uninitialized urandom read (16 bytes read, 3 bits of entropy available)
[    6.509147] random: udevadm: uninitialized urandom read (16 bytes read, 3 bits of entropy available)
[    6.509503] random: udevadm: uninitialized urandom read (16 bytes read, 3 bits of entropy available)
[    6.509561] random: udevadm: uninitialized urandom read (16 bytes read, 3 bits of entropy available)
[    6.726794] ACPI: Video Device [GFX0] (multi-head: yes  rom: no  post: no)
[    6.746135] input: Video Bus as /devices/LNXSYSTM:00/LNXSYBUS:00/PNP0A03:00/LNXVIDEO:00/input/input4
[    6.765635] FUJITSU Extended Socket Network Device Driver - version 1.0 - Copyright (c) 2015 FUJITSU LIMITED
[    6.784549] e1000: Intel(R) PRO/1000 Network Driver - version 7.3.21-k8-NAPI
[    6.796804] e1000: Copyright (c) 1999-2006 Intel Corporation.
[    6.814665] Fusion MPT base driver 3.04.20
[    6.817669] Copyright (c) 1999-2008 LSI Corporation
[    6.829178] Fusion MPT SPI Host driver 3.04.20
[    6.862474] AVX version of gcm_enc/dec engaged.
[    6.867115] AES CTR mode by8 optimization enabled
[    7.024189] input: ImExPS/2 Generic Explorer Mouse as /devices/platform/i8042/serio1/input/input5
[    7.244964] e1000 0000:00:03.0 eth0: (PCI:33MHz:32-bit) 02:04:e4:df:e4:d8
[    7.330800] e1000 0000:00:03.0 eth0: Intel(R) PRO/1000 Network Connection
[    7.345295] mptbase: ioc0: Initiating bringup
[    7.356954] e1000 0000:00:03.0 enp0s3: renamed from eth0
[    7.424258] ioc0: LSI53C1030 A0: Capabilities={Initiator}
[    7.677947] scsi host2: ioc0: LSI53C1030 A0, FwRev=00000000h, Ports=1, MaxQ=256, IRQ=20
[    7.872383] scsi 2:0:0:0: Direct-Access     VBOX     HARDDISK         1.0  PQ: 0 ANSI: 5
[    7.925760] scsi target2:0:0: Beginning Domain Validation
[    7.981930] scsi target2:0:0: Domain Validation skipping write tests
[    8.035993] scsi target2:0:0: Ending Domain Validation
[    8.065728] scsi target2:0:0: asynchronous
[    8.107437] scsi 2:0:1:0: Direct-Access     VBOX     HARDDISK         1.0  PQ: 0 ANSI: 5
[    8.180875] scsi target2:0:1: Beginning Domain Validation
[    8.200002] scsi target2:0:1: Domain Validation skipping write tests
[    8.202776] scsi target2:0:1: Ending Domain Validation
[    8.204138] scsi target2:0:1: asynchronous
[    8.214790] sd 2:0:0:0: Attached scsi generic sg0 type 0
[    8.265810] sd 2:0:0:0: [sda] 20971520 512-byte logical blocks: (10.7 GB/10.0 GiB)
[    8.327966] sd 2:0:0:0: [sda] Write Protect is off
[    8.337221] sd 2:0:1:0: [sdb] 20480 512-byte logical blocks: (10.5 MB/10.0 MiB)
[    8.337242] sd 2:0:1:0: Attached scsi generic sg1 type 0
[    8.358220] sd 2:0:0:0: [sda] Incomplete mode parameter data
[    8.358643] sd 2:0:1:0: [sdb] Write Protect is off
[    8.358849] sd 2:0:1:0: [sdb] Incomplete mode parameter data
[    8.358851] sd 2:0:1:0: [sdb] Assuming drive cache: write through
[    8.406899] sd 2:0:0:0: [sda] Assuming drive cache: write through
[    8.410629] sd 2:0:1:0: [sdb] Attached SCSI disk
[    8.477486]  sda: sda1
[    8.502283] sd 2:0:0:0: [sda] Attached SCSI disk
[    9.807353] floppy0: no floppy controllers found
Begin: Loading e[   11.305807] md: linear personality registered for level -1
ssential drivers ... [   11.316119] md: multipath personality registered for level -4
[   11.354416] md: raid0 personality registered for level 0
[   11.406415] md: raid1 personality registered for level 1
[   11.491632] raid6: sse2x1   gen()  4110 MB/s
[   11.583709] raid6: sse2x1   xor()  5044 MB/s
[   11.675355] raid6: sse2x2   gen()  9147 MB/s
[   11.779268] raid6: sse2x2   xor()  6372 MB/s
[   11.859483] raid6: sse2x4   gen() 12421 MB/s
[   11.947755] raid6: sse2x4   xor()  8696 MB/s
[   12.021024] raid6: using algorithm sse2x4 gen() 12421 MB/s
[   12.048252] raid6: .... xor() 8696 MB/s, rmw enabled
[   12.049414] raid6: using ssse3x2 recovery algorithm
[   12.052207] xor: automatically using best checksumming function:
[   12.144243]    avx       : 18519.000 MB/sec
[   12.154250] async_tx: api initialized (async)
[   12.186947] md: raid6 personality registered for level 6
[   12.205803] md: raid5 personality registered for level 5
[   12.216854] md: raid4 personality registered for level 4
[   12.241802] md: raid10 personality registered for level 10
done.
Begin: Running /scripts/init-premount ... done.
Begin: Mounting root file system ... Begin: Running /scripts/local-top ... done.
Begin: Running /scripts/local-premount ... [   12.322740] Btrfs loaded
Scanning for Btrfs filesystems
done.
Warning: fsck not present, so skipping root file[   12.397376] EXT4-fs (sda1): mounted filesystem with ordered data mode. Opts: (null)
 system
done.
Begin: Running /scripts/local-bottom ... done.
Begin: Running /scripts/init-bottom ... done.
[   12.554468] systemd[1]: systemd 229 running in system mode. (+PAM +AUDIT +SELINUX +IMA +APPARMOR +SMACK +SYSVINIT +UTMP +LIBCRYPTSETUP +GCRYPT +GNUTLS +ACL +XZ -LZ4 +SECCOMP +BLKID +ELFUTILS +KMOD -IDN)
[   12.590262] systemd[1]: Detected virtualization oracle.
[   12.596477] systemd[1]: Detected architecture x86-64.

Welcome to [1mUbuntu 16.04.3 LTS[0m!

[   12.630721] systemd[1]: Set hostname to <ubuntu-xenial>.
[   12.804366] systemd[1]: Listening on udev Kernel Socket.
[[0;32m  OK  [0m] Listening on udev Kernel Socket.
[   12.832143] systemd[1]: Listening on LVM2 poll daemon socket.
[[0;32m  OK  [0m] Listening on LVM2 poll daemon socket.
[   12.847492] systemd[1]: Reached target Swap.
[[0;32m  OK  [0m] Reached target Swap.
[   12.859577] systemd[1]: Reached target Encrypted Volumes.
[[0;32m  OK  [0m] Reached target Encrypted Volumes.
[   12.871356] systemd[1]: Created slice User and Session Slice.
[[0;32m  OK  [0m] Created slice User and Session Slice.
[   12.896494] systemd[1]: Listening on LVM2 metadata daemon socket.
[[0;32m  OK  [0m] Listening on LVM2 metadata daemon socket.
[   12.909672] systemd[1]: Started Forward Password Requests to Wall Directory Watch.
[[0;32m  OK  [0m] Started Forward Password Requests to Wall Directory Watch.
[   12.944431] systemd[1]: Listening on Syslog Socket.
[[0;32m  OK  [0m] Listening on Syslog Socket.
[   12.976957] systemd[1]: Set up automount Arbitrary Executable File Formats File System Automount Point.
[[0;32m  OK  [0m] Set up automount Arbitrary Executab...ats File System Automount Point.
[   13.008004] systemd[1]: Created slice System Slice.
[[0;32m  OK  [0m] Created slice System Slice.
[   13.030203] systemd[1]: Reached target Slices.
[[0;32m  OK  [0m] Reached target Slices.
[   13.044729] systemd[1]: Listening on /dev/initctl Compatibility Named Pipe.
[[0;32m  OK  [0m] Listening on /dev/initctl Compatibility Named Pipe.
[   13.075781] systemd[1]: Listening on Journal Socket (/dev/log).
[[0;32m  OK  [0m] Listening on Journal Socket (/dev/log).
[   13.128262] systemd[1]: Listening on Journal Audit Socket.
[[0;32m  OK  [0m] Listening on Journal Audit Socket.
[   13.155824] systemd[1]: Listening on Device-mapper event daemon FIFOs.
[[0;32m  OK  [0m] Listening on Device-mapper event daemon FIFOs.
[   13.199492] systemd[1]: Reached target User and Group Name Lookups.
[[0;32m  OK  [0m] Reached target User and Group Name Lookups.
[   13.211124] systemd[1]: Created slice system-serial\x2dgetty.slice.
[[0;32m  OK  [0m] Created slice system-serial\x2dgetty.slice.
[   13.249627] systemd[1]: Listening on Journal Socket.
[[0;32m  OK  [0m] Listening on Journal Socket.
[   13.387396] systemd[1]: Starting Journal Service...
         Starting Journal Service...
[   13.415526] systemd[1]: Mounting Debug File System...
         Mounting Debug File System...
[   13.451007] systemd[1]: Mounting Huge Pages File System...
         Mounting Huge Pages File System...
[   13.620266] systemd[1]: Starting Uncomplicated firewall...
[   13.621747] random: nonblocking pool is initialized
         Starting Uncomplicated firewall...
[   13.703831] systemd[1]: Starting Load Kernel Modules...
         Startin[   13.713418] Loading iSCSI transport class v2.0-870.
g Load Kernel Modules...
[   13.739492] systemd[1]: Starting Remount Root and Kernel File Systems...
         Startin[   13.766685] EXT4-fs (sda1): re-mounted. Opts: (null)
g Remount Root a[   13.815027] iscsi: registered transport (tcp)
nd Kernel File Systems...
[   13.876546] systemd[1]: Starting Nameserver information manager...
         Starting Nameserver information manager...
[   13.903656] iscsi: registered transport (iser)
[   13.904747] systemd[1]: Starting Create list of required static device nodes for the current kernel...
         Starting Create list of required st... nodes for the current kernel...
[   13.979856] systemd[1]: Starting Set console keymap...
         Starting Set console keymap...
[   14.018748] systemd[1]: Mounting POSIX Message Queue File System...
         Mounting POSIX Message Queue File System...
[   14.063615] systemd[1]: Starting Monitoring of LVM2 mirrors, snapshots etc. using dmeventd or progress polling...
         Starting Monitoring of LVM2 mirrors... dmeventd or progress polling...
[   14.130735] systemd[1]: Listening on udev Control Socket.
[[0;32m  OK  [0m] Listening on udev Control Socket.
[   14.160273] systemd[1]: Started Trigger resolvconf update for networkd DNS.
[[0;32m  OK  [0m] Started Trigger resolvconf update for networkd DNS.
[   14.205063] systemd[1]: Mounted Huge Pages File System.
[[0;32m  OK  [0m] Mounted Huge Pages File System.
[   14.279934] systemd[1]: Mounted POSIX Message Queue File System.
[[0;32m  OK  [0m] Mounted POSIX Message Queue File System.
[   14.375677] systemd[1]: Mounted Debug File System.
[[0;32m  OK  [0m] Mounted Debug File System.
[   14.403788] systemd[1]: Started Journal Service.
[[0;32m  OK  [0m] Started Journal Service.
[[0;32m  OK  [0m] Started Uncomplicated firewall.
[[0;32m  OK  [0m] Started Load Kernel Modules.
[[0;32m  OK  [0m] Started Remount Root and Kernel File Systems.
[[0;32m  OK  [0m] Started Create list of required sta...ce nodes for the current kernel.
[[0;32m  OK  [0m] Started Set console keymap.
[[0;32m  OK  [0m] Started Nameserver information manager.
[[0;32m  OK  [0m] Started LVM2 metadata daemon.
         Starting Create Static Device Nodes in /dev...
         Starting udev Coldplug all Devices...
         Starting Initial cloud-init job (pre-networking)...
         Starting Load/Save Random Seed...
         Starting Apply Kernel Variables...
         Mounting FUSE Control File System...
         Starting Flush Journal to Persistent Storage...
[[0;32m  OK  [0m] Mounted FUSE Control File System.
[[0;32m  OK  [0m] Started Create Static Device Nodes in /dev.
[[0;32m  OK  [0m] Started Load/Save Random Seed.
[[0;32m  OK  [0m] Started Apply Kernel Variables.
[[0;32m  OK  [0m] Started udev Coldplug all Devices.
[[0;32m  OK  [0m] Started Flush Journal to Persistent Storage.
[[0;32m  OK  [0m] Started Monitoring of LVM2 mirrors,...ng dmeventd or progress polling.
         Starting udev Kernel Device Manager...
[[0;32m  OK  [0m] Started udev Kernel Device Manager.
[[0;32m  OK  [0m] Reached target Local File Systems (Pre).
[[0;32m  OK  [0m] Reached target Local File Systems.
         Starting LSB: AppArmor initialization...
         Starting Set console font and keymap...
         Starting Create Volatile Files and Directories...
         Starting Tell Plymouth To Write Out Runtime Data...
[   15.513948] piix4_smbus 0000:00:07.0: SMBus base address uninitialized - upgrade BIOS or use force_addr=0xaddr
[[0;32m  OK  [0m] Started Dispatch Password Requests to Console Directory Watch.
[[0;32m  OK  [0m] Started Create Volatile Files and Directories.
[   15.757459] intel_rapl: no valid rapl domains found in package 0
[[0;32m  OK  [0m] Started Tell Plymouth To Write Out Runtime Data.
[[0;32m  OK  [0m] Found device /dev/ttyS0.
[[0;32m  OK  [0m] Reached target System Time Synchronized.
         Starting Update UTMP about System Boot/Shutdown...
[[0;32m  OK  [0m] Started LSB: AppArmor initialization.
[[0;32m  OK  [0m] Started Set console font and keymap.
[[0;32m  OK  [0m] Started Update UTMP about System Boot/Shutdown.
[[0;32m  OK  [0m] Listening on Load/Save RF Kill Switch Status /dev/rfkill Watch.
[[0;32m  OK  [0m] Created slice system-getty.slice.
[[0;32m  OK  [0m] Found device 82540EM Gigabit Ethern...r (PRO/1000 MT Desktop Adapter).
[   12.973074] cloud-init[449]: Cloud-init v. 0.7.9 running 'init-local' at Wed, 13 Dec 2017 00:48:26 +0000. Up 12.05 seconds.
[[0;32m  OK  [0m] Started Initial cloud-init job (pre-networking).
[[0;32m  OK  [0m] Reached target Network (Pre).
         Starting Raise network interfaces...
[[0;32m  OK  [0m] Started ifup for enp0s3.
[[0;32m  OK  [0m] Reached target Sound Card.
[[0;32m  OK  [0m] Started Raise network interfaces.
[[0;32m  OK  [0m] Reached target Network.
         Starting Initial cloud-init job (metadata service crawler)...
[   15.613220] cloud-init[982]: Cloud-init v. 0.7.9 running 'init' at Wed, 13 Dec 2017 00:48:30 +0000. Up 15.37 seconds.
[   15.665379] cloud-init[982]: ci-info: +++++++++++++++++++++++++++++++++++++Net device info+++++++++++++++++++++++++++++++++++++
[[0;32m  OK  [0m] Started Initial cloud-init job (metadata service crawler).
[[   15.720058] cloud-init[982]: ci-info: +--------+------+---------------------------+---------------+-------+-------------------+
[   15.750495] cloud-init[982]: ci-info: | Device |  Up  |          Address          |      Mask     | Scope |     Hw-Address    |
[   15.750693] [0;32m  OK  [0mcloud-init] [982]: Reached target System Initialization.ci-info: +--------+------+---------------------------+---------------+-------+-------------------+

[   15.870202] cloud-init[982]: ci-info: | enp0s3 | True |         10.0.2.15         | 255.255.255.0 |   .   | 02:04:e4:df:e4:d8 |
[   15.871442] cloud-init[982]: ci-info: | enp0s3 | True | fe80::4:e4ff:fedf:e4d8/64 |       .       |  link | 02:04:e4:df:e4:d8 |
         Starting LXD - unix socket.
[[   15.871618] cloud-init[982]: ci-info: |   lo   | True |         127.0.0.1         |   255.0.0.0   |   .   |         .         |
[   15.910933] cloud-init[982]: ci-info: |   lo   | True |          ::1/128          |       .       |  host |         .         |
[   15.911849] cloud-init[982]: ci-info: +--------+------+---------------------------+---------------+-------+-------------------+
[   15.913714] cloud-init[982]: ci-info: +++++++++++++++++++++++++++Route IPv4 info++++++++++++++++++++++++++++
[0;32m  OK  [0m] Listening on ACPID Listen Socket.
         Starting Socket activation for snappy daemon.
[[0;32m  OK  [0m[   15.913814] ] cloud-initStarted Daily Cleanup of Temporary Directories.[982]: 
ci-info: +-------+-------------+----------+---------------+-----------+-------+
[   16.164554] cloud-init[982]: ci-info: | Route | Destination | Gateway  |    Genmask    | Interface | Flags |
[   16.165392] cloud-init[982]: ci-info: +-------+-------------+----------+---------------+-----------+-------+
[[0;32m  OK  [0m] Started Timer to automatically refresh installed snaps.
[[   16.165789] cloud-init[982]: ci-info: |   0   |   0.0.0.0   | 10.0.2.2 |    0.0.0.0    |   enp0s3  |   UG  |
[   16.261170] cloud-init[982]: ci-info: |   1   |   10.0.2.0  | 0.0.0.0  | 255.255.255.0 |   enp0s3  |   U   |
[0;32m  OK  [0m] Listening on UUID daemon activation socket.
[   16.261338] cloud-init[982]: ci-info: +-------+-------------+----------+---------------+-----------+-------+
[[0;32m  OK  [0m] Started ACPI Events Check.
[[0;32m  OK  [0m] Reached target Paths.
[[0;32m  OK  [0m] Listening on D-Bus System Message Bus Socket.
[[0;32m  OK  [0m] Reached target Network is Online.
         Starting iSCSI initiator daemon (iscsid)...
[[0;32m  OK  [0m] Started Daily apt download activities.
[[0;32m  OK  [0m] Started Daily apt upgrade and clean activities.
[[0;32m  OK  [0m] Reached target Timers.
[[0;32m  OK  [0m] Reached target Cloud-config availability.
[[0;32m  OK  [0m] Listening on LXD - unix socket.
[[0;32m  OK  [0m] Listening on Socket activation for snappy daemon.
[[0;32m  OK  [0m] Started iSCSI initiator daemon (iscsid).
         Starting Login to default iSCSI targets...
[[0;32m  OK  [0m] Reached target Sockets.
[[0;32m  OK  [0m] Reached target Basic System.
         Starting System Logging Service...
         Starting LSB: MD monitoring daemon...
[[0;32m  OK  [0m] Started Regular background program processing daemon.
[[0;32m  OK  [0m] Started ACPI event daemon.
[[0;32m  OK  [0m] Started D-Bus System Message Bus.
         Starting LSB: Record successful boot for GRUB...
[[0;32m  OK  [0m] Started Deferred execution scheduler.
[[0;32m  OK  [0m] Started Unattended Upgrades Shutdown.
         Starting Accounts Service...
         Starting Apply the settings specified in cloud-config...
         Starting OpenBSD Secure Shell server...
[[0;32m  OK  [0m] Started FUSE filesystem for LXC.
[[0;32m  OK  [0m] Started Snappy daemon.
         Starting Auto import assertions from block devices...
         Starting Save/Restore Sound Card State...
         Starting /etc/rc.local Compatibility...
         Starting Login Service...
         Starting LXD - container startup/shutdown...
[[0;32m  OK  [0m] Started System Logging Service.
[[0;32m  OK  [0m] Started OpenBSD Secure Shell server.
[[0;32m  OK  [0m] Started Auto import assertions from block devices.
[[0;32m  OK  [0m] Started /etc/rc.local Compatibility.
[[0;32m  OK  [0m] Started Save/Restore Sound Card State.
[[0;32m  OK  [0m] Started Login to default iSCSI targets.
[[0;32m  OK  [0m] Started LSB: MD monitoring daemon.
[[0;32m  OK  [0m] Started LXD - container startup/shutdown.
[[0;32m  OK  [0m] Started LSB: Record successful boot for GRUB.
         Starting Authenticate and Authorize Users to Run Privileged Tasks...
[[0;32m  OK  [0m] Reached target Remote File Systems (Pre).
[[0;32m  OK  [0m] Reached target Remote File Systems.
         Starting LSB: automatic crash report generation...
         Starting LSB: Set the CPU Frequency Scaling governor to "ondemand"...
         Starting LSB: No Display Manager...
         Starting LSB: VirtualBox Linux Additions...
         Starting Permit User Sessions...
         Starting LSB: daemon to balance interrupts for SMP systems...
[[0;32m  OK  [0m] Started Permit User Sessions.
[[0;32m  OK  [0m] Started Login Service.
[[0;32m  OK  [0m] Started Authenticate and Authorize Users to Run Privileged Tasks.
[[0;32m  OK  [0m] Started Accounts Service.
[[0;32m  OK  [0m] Started LSB: Set the CPU Frequency Scaling governor to "ondemand".
[[0;32m  OK  [0m] Started LSB: automatic crash report generation.
[[0;32m  OK  [0m] Started LSB: No Display Manager.
         Starting Terminate Plymouth Boot Screen...
         Starting Hold until boot process finishes up...
[[0;32m  OK  [0m] Started Terminate Plymouth Boot Screen.
[[0;32m  OK  [0m] Started LSB: daemon to balance interrupts for SMP systems.
[[0;32m  OK  [0m] Started Hold until boot process finishes up.
[[0;32m  OK  [0m] Created slice User Slice of ubuntu.
         Starting User Manager for UID 1000...
         Starting Set console scheme...
[[0;32m  OK  [0m] Started Serial Getty on ttyS0.
[   18.344458] cloud-init[1070]: Cloud-init v. 0.7.9 running 'modules:config' at Wed, 13 Dec 2017 00:48:32 +0000. Up 18.02 seconds.
[[0;32m  OK  [0m] Started Getty on tty1.
[[0;32m  OK  [0m] Reached target Login Prompts.
[[0;32m  OK  [0m] Started User Manager for UID 1000.
[[0;32m  OK  [0m] Started LSB: VirtualBox Linux Additions.
[[0;32m  OK  [0m] Started Set console scheme.
[[0;32m  OK  [0m] Started Apply the settings specified in cloud-config.
[[0;32m  OK  [0m] Started Session 1 of user ubuntu.
[[0;32m  OK  [0m] Reached target Multi-User System.
         Starting Execute cloud user/final scripts...
[[0;32m  OK  [0m] Reached target Graphical Interface.
         Starting Update UTMP about System Runlevel Changes...
[[0;32m  OK  [0m] Started Update UTMP about System Runlevel Changes.
[[0;32m  OK  [0m] Started Session c1 of user ubuntu.
[   19.374304] cloud-init[1257]: Cloud-init v. 0.7.9 running 'modules:final' at Wed, 13 Dec 2017 00:48:34 +0000. Up 19.26 seconds.
[   19.466234] [cloud-init[0;32m  OK  [0m[1257]: ] Cloud-init v. 0.7.9 finished at Wed, 13 Dec 2017 00:48:34 +0000. Datasource DataSourceNoCloud [seed=/dev/sdb][dsmode=net].  Up 19.36 secondsStarted Execute cloud user/final scripts.

[[0;32m  OK  [0m] Reached target Cloud-init target.

Ubuntu 16.04.3 LTS ubuntu-xenial ttyS0

ubuntu-xenial login:          Stopping Authenticate and Authorize Users to Run Privileged Tasks...
[[0;32m  OK  [0m] Closed Load/Save RF Kill Switch Status /dev/rfkill Watch.
[[0;32m  OK  [0m] Stopped target Timers.
[[0;32m  OK  [0m] Stopped Daily Cleanup of Temporary Directories.
[[0;32m  OK  [0m] Stopped target Graphical Interface.
         Stopping Accounts Service...
[[0;32m  OK  [0m] Stopped Timer to automatically rh[[0;32m  OK  [0m] Unmounted /var/lib/lxcfs.
[[0;32m  OK  [0m] Stopped System Logging Service.
[[0;32m  OK  [0m] Stopped Regular background program processing daemon.
[[0;32m  OK  [0m] Stopped Deferred execution scheduler.
[[0;32m  OK  [0m] Stopped Accounts Service.
[[0;32m  OK  [0m] Stopped ACPI event daemon.
[[0;32m  OK  [0m] Stopped OpenBSD Secure Shell server.
[[0;32m  OK  [0m] Stopped Snappy daemon.
[[0;32m  OK  [0m] Stopped Authenticate and Authorize Users to Run Privileged Tasks.
[[0;32m  OK  [0m] Stopped User Manager for UID 1000.
[[0;32m  OK  [0m] Stopped Serial Getty on ttyS0.
[[0;32m  OK  [0m] Stopped Getty on tty1.
[[0;32m  OK  [0m] Stopped RealtimeKit Scheduling Policy Service.
[[0;32m  OK  [0m] Stopped Save/Restore Sound Card State.
[[0;32m  OK  [0m] Stopped Session c1 of user ubuntu.
[[0;32m  OK  [0m] Stopped D-Bus System Message Bus.
[[0;32m  OK  [0m] Stopped Unattended Upgrades Shutdown.
[[0;32m  OK  [0m] Stopped FUSE filesystem for LXC.
[[0;32m  OK  [0m] Stopped LXD - container startup/shutdown.
[[0;32m  OK  [0m] Stopped Session 2 of user ubuntu.
[[0;32m  OK  [0m] Stopped LSB: Record successful boot for GRUB.
[[0;32m  OK  [0m] Stopped LSB: MD monitoring daemon.
[[0;32m  OK  [0m] Stopped LSB: Set the CPU Frequency Scaling governor to "ondemand".
[[0;32m  OK  [0m] Stopped LSB: automatic crash report generation.
[[0;32m  OK  [0m] Stopped LSB: daemon to balance interrupts for SMP systems.
[[0;32m  OK  [0m] Stopped LSB: No Display Manager.
[[0;32m  OK  [0m] Stopped LSB: VirtualBox Linux Additions.
[[0;32m  OK  [0m] Removed slice system-getty.slice.
[[0;32m  OK  [0m] Stopped /etc/rc.local Compatibility.
[[0;32m  OK  [0m] Removed slice system-serial\x2dgetty.slice.
[[0;32m  OK  [0m] Stopped Session 4 of user ubuntu.
[[0;32m  OK  [0m] Removed slice User Slice of ubuntu.
         Stopping Permit User Sessions...
         Stopping Login Service...
[[0;32m  OK  [0m] Stopped Permit User Sessions.
[[0;32m  OK  [0m] Stopped Login Service.
[[0;32m  OK  [0m] Stopped target User and Group Name Lookups.
[[0;32m  OK  [0m] Stopped target Remote File Systems.
[[0;32m  OK  [0m] Stopped target Remote File Systems (Pre).
         Stopping Login to default iSCSI targets...
[[0;32m  OK  [0m] Stopped target Basic System.
[[0;32m  OK  [0m] Stopped target Slices.
[[0;32m  OK  [0m] Removed slice User and Session Slice.
[[0;32m  OK  [0m] Stopped target Paths.
[[0;32m  OK  [0m] Stopped Forward Password Requests to Wall Directory Watch.
[[0;32m  OK  [0m] Stopped Dispatch Password Requests to Console Directory Watch.
[[0;32m  OK  [0m] Stopped ACPI Events Check.
[[0;32m  OK  [0m] Stopped target Sockets.
[[0;32m  OK  [0m] Closed UUID daemon activation socket.
[[0;32m  OK  [0m] Closed D-Bus System Message Bus Socket.
[[0;32m  OK  [0m] Closed LXD - unix socket.
[[0;32m  OK  [0m] Closed Syslog Socket.
[[0;32m  OK  [0m] Closed ACPID Listen Socket.
[[0;32m  OK  [0m] Closed Socket activation for snappy daemon.
[[0;32m  OK  [0m] Stopped target System Initialization.
         Stopping Update UTMP about System Boot/Shutdown...
[[0;32m  OK  [0m] Stopped target Swap.
[[0;32m  OK  [0m] Stopped target Encrypted Volumes.
         Stopping Load/Save Random Seed...
[[0;32m  OK  [0m] Stopped Load/Save Random Seed.
[[0;32m  OK  [0m] Stopped Update UTMP about System Boot/Shutdown.
[[0;32m  OK  [0m] Stopped Login to default iSCSI targets.
         Stopping iSCSI initiator daemon (iscsid)...
[[0;32m  OK  [0m] Stopped Create Volatile Files and Directories.
[[0;32m  OK  [0m] Stopped iSCSI initiator daemon (iscsid).
[[0;32m  OK  [0m] Stopped target Network is Online.
[[0;32m  OK  [0m] Stopped Initial cloud-init job (metadata service crawler).
[[0;32m  OK  [0m] Stopped target Network.
         Stopping Raise network interfaces...
[[0;32m  OK  [0m] Stopped Raise network interfaces.
[[0;32m  OK  [0m] Stopped Apply Kernel Variables.
[[0;32m  OK  [0m] Stopped Load Kernel Modules.
[[0;32m  OK  [0m] Stopped target Network (Pre).
[[0;32m  OK  [0m] Stopped Initial cloud-init job (pre-networking).
[[0;32m  OK  [0m] Stopped target Local File Systems.
         Unmounting /run/user/1000...
         Unmounting /vagrant...
[[0;32m  OK  [0m] Unmounted /run/user/1000.
[[0;32m  OK  [0m] Unmounted /vagrant.
[[0;32m  OK  [0m] Reached target Unmount All Filesystems.
[[0;32m  OK  [0m] Stopped target Local File Systems (Pre).
[[0;32m  OK  [0m] Stopped Remount Root and Kernel File Systems.
         Stopping Monitoring of LVM2 mirrors... dmeventd or progress polling...
[[0;32m  OK  [0m] Stopped Create Static Device Nodes in /dev.
[[0;32m  OK  [0m] Reached target Shutdown.
[ 4209.690297] reboot: Power down
